PS D:\python\Code> python banks_project.py
D:\python\Code\banks_project.py:58: FutureWarning: The behavior of DataFrame concatenation with empty or all-NA entries is deprecated. In a future version, this will no longer exclude empty or all-NA columns when determining the result dtypes. To retain the old behavior, exclude the relevant entries before the concat operation.
  df = pd.concat([df, df_new_row], ignore_index=True)
                                      Name  MC_USD_Billion
0                           JPMorgan Chase          432.92
1                          Bank of America          231.52
2  Industrial and Commercial Bank of China          194.56
3               Agricultural Bank of China          160.68
4                                HDFC Bank          157.91
5                              Wells Fargo          155.87
6                        HSBC Holdings PLC          148.90
7                           Morgan Stanley          140.83
8                  China Construction Bank          139.82
9                            Bank of China          136.81
                                      Name  MC_USD_Billion  MC_GBP_Billion  MC_EUR_Billion  MC_INR_Billion
0                           JPMorgan Chase          432.92          346.34          402.62        35910.71
1                          Bank of America          231.52          185.22          215.31        19204.58
2  Industrial and Commercial Bank of China          194.56          155.65          180.94        16138.75
3               Agricultural Bank of China          160.68          128.54          149.43        13328.41
4                                HDFC Bank          157.91          126.33          146.86        13098.63
5                              Wells Fargo          155.87          124.70          144.96        12929.42
6                        HSBC Holdings PLC          148.90          119.12          138.48        12351.26
7                           Morgan Stanley          140.83          112.66          130.97        11681.85
8                  China Construction Bank          139.82          111.86          130.03        11598.07
9                            Bank of China          136.81          109.45          127.23        11348.39
Market Cap of the 5th bank in INR: 13098.63
Query: SELECT * FROM Largest_banks
                                      Name  MC_USD_Billion  MC_GBP_Billion  MC_EUR_Billion  MC_INR_Billion
0                           JPMorgan Chase          432.92          346.34          402.62        35910.71
1                          Bank of America          231.52          185.22          215.31        19204.58
2  Industrial and Commercial Bank of China          194.56          155.65          180.94        16138.75
3               Agricultural Bank of China          160.68          128.54          149.43        13328.41
4                                HDFC Bank          157.91          126.33          146.86        13098.63
5                              Wells Fargo          155.87          124.70          144.96        12929.42
6                        HSBC Holdings PLC          148.90          119.12          138.48        12351.26
7                           Morgan Stanley          140.83          112.66          130.97        11681.85
8                  China Construction Bank          139.82          111.86          130.03        11598.07
9                            Bank of China          136.81          109.45          127.23        11348.39


8                  China Construction Bank          139.82          111.86          130.03        11598.07
9                            Bank of China          136.81          109.45          127.23        11348.39


Query: SELECT AVG(MC_USD_Billion) FROM Largest_banks
   AVG(MC_USD_Billion)
0              189.982


Query: SELECT AVG(MC_USD_Billion) FROM Largest_banks
   AVG(MC_USD_Billion)
Query: SELECT AVG(MC_USD_Billion) FROM Largest_banks
Query: SELECT AVG(MC_USD_Billion) FROM Largest_banks
Query: SELECT AVG(MC_USD_Billion) FROM Largest_banks
   AVG(MC_USD_Billion)
0              189.982


Query: SELECT Name from Largest_banks LIMIT 5
                                      Name
0                           JPMorgan Chase
1                          Bank of America
2  Industrial and Commercial Bank of China
3               Agricultural Bank of China
4                                HDFC Bank